###############################################################################
#                                                                             #
# IAR ELF Linker V6.40.2.53884/W32 for ARM              06/Feb/2015  13:54:06 #
# Copyright 2007-2012 IAR Systems AB.                                         #
#                                                                             #
#    Output file  =  C:\Ember\EmberZNet5.3.0-GA\em35x\build\DoorSensor_SM6011 #
#                    \DoorSensor_SM6011.out                                   #
#    Map file     =  C:\Ember\EmberZNet5.3.0-GA\em35x\build\DoorSensor_SM6011 #
#                    \DoorSensor_SM6011.map                                   #
#    Command line =  C:\Ember\EmberZNet5.3.0-GA\em35x\build\DoorSensor_SM6011 #
#                    \DoorSensor_SM6011_callbacks.o                           #
#                    C:\Ember\EmberZNet5.3.0-GA\em35x\build\DoorSensor_SM6011 #
#                    \adc.o C:\Ember\EmberZNet5.3.0-GA\em35x\build\DoorSensor #
#                    _SM6011\address-table-cli.o                              #
#                    C:\Ember\EmberZNet5.3.0-GA\em35x\build\DoorSensor_SM6011 #
#                    \address-table-management.o                              #
#                    C:\Ember\EmberZNet5.3.0-GA\em35x\build\DoorSensor_SM6011 #
#                    \address-table-soc.o C:\Ember\EmberZNet5.3.0-GA\em35x\bu #
#                    ild\DoorSensor_SM6011\af-event.o                         #
#                    C:\Ember\EmberZNet5.3.0-GA\em35x\build\DoorSensor_SM6011 #
#                    \af-main-common.o C:\Ember\EmberZNet5.3.0-GA\em35x\build #
#                    \DoorSensor_SM6011\af-main-soc.o                         #
#                    C:\Ember\EmberZNet5.3.0-GA\em35x\build\DoorSensor_SM6011 #
#                    \af-node.o C:\Ember\EmberZNet5.3.0-GA\em35x\build\DoorSe #
#                    nsor_SM6011\af-security-common.o                         #
#                    C:\Ember\EmberZNet5.3.0-GA\em35x\build\DoorSensor_SM6011 #
#                    \af-trust-center.o C:\Ember\EmberZNet5.3.0-GA\em35x\buil #
#                    d\DoorSensor_SM6011\attribute-size.o                     #
#                    C:\Ember\EmberZNet5.3.0-GA\em35x\build\DoorSensor_SM6011 #
#                    \attribute-storage.o C:\Ember\EmberZNet5.3.0-GA\em35x\bu #
#                    ild\DoorSensor_SM6011\attribute-table.o                  #
#                    C:\Ember\EmberZNet5.3.0-GA\em35x\build\DoorSensor_SM6011 #
#                    \battery-monitor.o C:\Ember\EmberZNet5.3.0-GA\em35x\buil #
#                    d\DoorSensor_SM6011\bootloader-interface-app.o           #
#                    C:\Ember\EmberZNet5.3.0-GA\em35x\build\DoorSensor_SM6011 #
#                    \bootloader-interface.o C:\Ember\EmberZNet5.3.0-GA\em35x #
#                    \build\DoorSensor_SM6011\button.o                        #
#                    C:\Ember\EmberZNet5.3.0-GA\em35x\build\DoorSensor_SM6011 #
#                    \buzzer.o C:\Ember\EmberZNet5.3.0-GA\em35x\build\DoorSen #
#                    sor_SM6011\call-command-handler.o                        #
#                    C:\Ember\EmberZNet5.3.0-GA\em35x\build\DoorSensor_SM6011 #
#                    \callback-stub.o C:\Ember\EmberZNet5.3.0-GA\em35x\build\ #
#                    DoorSensor_SM6011\callbacks.o                            #
#                    C:\Ember\EmberZNet5.3.0-GA\em35x\build\DoorSensor_SM6011 #
#                    \cli.o C:\Ember\EmberZNet5.3.0-GA\em35x\build\DoorSensor #
#                    _SM6011\client-api.o C:\Ember\EmberZNet5.3.0-GA\em35x\bu #
#                    ild\DoorSensor_SM6011\command-interpreter2.o             #
#                    C:\Ember\EmberZNet5.3.0-GA\em35x\build\DoorSensor_SM6011 #
#                    \core-cli.o C:\Ember\EmberZNet5.3.0-GA\em35x\build\DoorS #
#                    ensor_SM6011\counters-cli.o                              #
#                    C:\Ember\EmberZNet5.3.0-GA\em35x\build\DoorSensor_SM6011 #
#                    \counters-ota.o C:\Ember\EmberZNet5.3.0-GA\em35x\build\D #
#                    oorSensor_SM6011\counters-soc.o                          #
#                    C:\Ember\EmberZNet5.3.0-GA\em35x\build\DoorSensor_SM6011 #
#                    \crc.o C:\Ember\EmberZNet5.3.0-GA\em35x\build\DoorSensor #
#                    _SM6011\crypto-state.o C:\Ember\EmberZNet5.3.0-GA\em35x\ #
#                    build\DoorSensor_SM6011\cstartup-iar-common.o            #
#                    C:\Ember\EmberZNet5.3.0-GA\em35x\build\DoorSensor_SM6011 #
#                    \diagnostic.o C:\Ember\EmberZNet5.3.0-GA\em35x\build\Doo #
#                    rSensor_SM6011\eeprom-cli.o                              #
#                    C:\Ember\EmberZNet5.3.0-GA\em35x\build\DoorSensor_SM6011 #
#                    \eeprom.o C:\Ember\EmberZNet5.3.0-GA\em35x\build\DoorSen #
#                    sor_SM6011\em_usbd.o C:\Ember\EmberZNet5.3.0-GA\em35x\bu #
#                    ild\DoorSensor_SM6011\em_usbdch9.o                       #
#                    C:\Ember\EmberZNet5.3.0-GA\em35x\build\DoorSensor_SM6011 #
#                    \em_usbdep.o C:\Ember\EmberZNet5.3.0-GA\em35x\build\Door #
#                    Sensor_SM6011\em_usbhal.o C:\Ember\EmberZNet5.3.0-GA\em3 #
#                    5x\build\DoorSensor_SM6011\em_usbint.o                   #
#                    C:\Ember\EmberZNet5.3.0-GA\em35x\build\DoorSensor_SM6011 #
#                    \ember-configuration.o C:\Ember\EmberZNet5.3.0-GA\em35x\ #
#                    build\DoorSensor_SM6011\end-device-move.o                #
#                    C:\Ember\EmberZNet5.3.0-GA\em35x\build\DoorSensor_SM6011 #
#                    \end-device-support-cli.o C:\Ember\EmberZNet5.3.0-GA\em3 #
#                    5x\build\DoorSensor_SM6011\end-device-support.o          #
#                    C:\Ember\EmberZNet5.3.0-GA\em35x\build\DoorSensor_SM6011 #
#                    \endian.o C:\Ember\EmberZNet5.3.0-GA\em35x\build\DoorSen #
#                    sor_SM6011\faults.o C:\Ember\EmberZNet5.3.0-GA\em35x\bui #
#                    ld\DoorSensor_SM6011\form-and-join-node-adapter.o        #
#                    C:\Ember\EmberZNet5.3.0-GA\em35x\build\DoorSensor_SM6011 #
#                    \form-and-join.o C:\Ember\EmberZNet5.3.0-GA\em35x\build\ #
#                    DoorSensor_SM6011\ias-zone-server-cli.o                  #
#                    C:\Ember\EmberZNet5.3.0-GA\em35x\build\DoorSensor_SM6011 #
#                    \ias-zone-server.o C:\Ember\EmberZNet5.3.0-GA\em35x\buil #
#                    d\DoorSensor_SM6011\identify-cli.o                       #
#                    C:\Ember\EmberZNet5.3.0-GA\em35x\build\DoorSensor_SM6011 #
#                    \identify-feedback.o C:\Ember\EmberZNet5.3.0-GA\em35x\bu #
#                    ild\DoorSensor_SM6011\identify.o                         #
#                    C:\Ember\EmberZNet5.3.0-GA\em35x\build\DoorSensor_SM6011 #
#                    \idle-sleep-cli.o C:\Ember\EmberZNet5.3.0-GA\em35x\build #
#                    \DoorSensor_SM6011\idle-sleep-soc.o                      #
#                    C:\Ember\EmberZNet5.3.0-GA\em35x\build\DoorSensor_SM6011 #
#                    \idle-sleep.o C:\Ember\EmberZNet5.3.0-GA\em35x\build\Doo #
#                    rSensor_SM6011\isr-stubs.o C:\Ember\EmberZNet5.3.0-GA\em #
#                    35x\build\DoorSensor_SM6011\led-blink.o                  #
#                    C:\Ember\EmberZNet5.3.0-GA\em35x\build\DoorSensor_SM6011 #
#                    \led.o C:\Ember\EmberZNet5.3.0-GA\em35x\build\DoorSensor #
#                    _SM6011\library.o C:\Ember\EmberZNet5.3.0-GA\em35x\build #
#                    \DoorSensor_SM6011\mem-util.o                            #
#                    C:\Ember\EmberZNet5.3.0-GA\em35x\build\DoorSensor_SM6011 #
#                    \message.o C:\Ember\EmberZNet5.3.0-GA\em35x\build\DoorSe #
#                    nsor_SM6011\mfg-token.o C:\Ember\EmberZNet5.3.0-GA\em35x #
#                    \build\DoorSensor_SM6011\micro-common.o                  #
#                    C:\Ember\EmberZNet5.3.0-GA\em35x\build\DoorSensor_SM6011 #
#                    \micro.o C:\Ember\EmberZNet5.3.0-GA\em35x\build\DoorSens #
#                    or_SM6011\mpu.o C:\Ember\EmberZNet5.3.0-GA\em35x\build\D #
#                    oorSensor_SM6011\multi-network.o                         #
#                    C:\Ember\EmberZNet5.3.0-GA\em35x\build\DoorSensor_SM6011 #
#                    \network-cli.o C:\Ember\EmberZNet5.3.0-GA\em35x\build\Do #
#                    orSensor_SM6011\network-find.o                           #
#                    C:\Ember\EmberZNet5.3.0-GA\em35x\build\DoorSensor_SM6011 #
#                    \option-cli.o C:\Ember\EmberZNet5.3.0-GA\em35x\build\Doo #
#                    rSensor_SM6011\plugin-cli.o                              #
#                    C:\Ember\EmberZNet5.3.0-GA\em35x\build\DoorSensor_SM6011 #
#                    \polling-common.o C:\Ember\EmberZNet5.3.0-GA\em35x\build #
#                    \DoorSensor_SM6011\polling-soc.o                         #
#                    C:\Ember\EmberZNet5.3.0-GA\em35x\build\DoorSensor_SM6011 #
#                    \print-formatter.o C:\Ember\EmberZNet5.3.0-GA\em35x\buil #
#                    d\DoorSensor_SM6011\print.o                              #
#                    C:\Ember\EmberZNet5.3.0-GA\em35x\build\DoorSensor_SM6011 #
#                    \process-cluster-message.o C:\Ember\EmberZNet5.3.0-GA\em #
#                    35x\build\DoorSensor_SM6011\process-global-message.o     #
#                    C:\Ember\EmberZNet5.3.0-GA\em35x\build\DoorSensor_SM6011 #
#                    \random.o C:\Ember\EmberZNet5.3.0-GA\em35x\build\DoorSen #
#                    sor_SM6011\reporting-cli.o C:\Ember\EmberZNet5.3.0-GA\em #
#                    35x\build\DoorSensor_SM6011\reporting.o                  #
#                    C:\Ember\EmberZNet5.3.0-GA\em35x\build\DoorSensor_SM6011 #
#                    \security-address-cache.o C:\Ember\EmberZNet5.3.0-GA\em3 #
#                    5x\build\DoorSensor_SM6011\security-cli.o                #
#                    C:\Ember\EmberZNet5.3.0-GA\em35x\build\DoorSensor_SM6011 #
#                    \sensor-custom-cli-commands.o                            #
#                    C:\Ember\EmberZNet5.3.0-GA\em35x\build\DoorSensor_SM6011 #
#                    \sensor-iface.o C:\Ember\EmberZNet5.3.0-GA\em35x\build\D #
#                    oorSensor_SM6011\serial.o C:\Ember\EmberZNet5.3.0-GA\em3 #
#                    5x\build\DoorSensor_SM6011\service-discovery-common.o    #
#                    C:\Ember\EmberZNet5.3.0-GA\em35x\build\DoorSensor_SM6011 #
#                    \service-discovery-soc.o C:\Ember\EmberZNet5.3.0-GA\em35 #
#                    x\build\DoorSensor_SM6011\sim-eeprom.o                   #
#                    C:\Ember\EmberZNet5.3.0-GA\em35x\build\DoorSensor_SM6011 #
#                    \sleep.o C:\Ember\EmberZNet5.3.0-GA\em35x\build\DoorSens #
#                    or_SM6011\stack-handler-stub.o                           #
#                    C:\Ember\EmberZNet5.3.0-GA\em35x\build\DoorSensor_SM6011 #
#                    \super-sleepy-enable.o C:\Ember\EmberZNet5.3.0-GA\em35x\ #
#                    build\DoorSensor_SM6011\token-def.o                      #
#                    C:\Ember\EmberZNet5.3.0-GA\em35x\build\DoorSensor_SM6011 #
#                    \token.o C:\Ember\EmberZNet5.3.0-GA\em35x\build\DoorSens #
#                    or_SM6011\uart.o C:\Ember\EmberZNet5.3.0-GA\em35x\build\ #
#                    DoorSensor_SM6011\util.o C:\Ember\EmberZNet5.3.0-GA\em35 #
#                    x\build\DoorSensor_SM6011\zcl-cli.o                      #
#                    C:\Ember\EmberZNet5.3.0-GA\em35x\build\DoorSensor_SM6011 #
#                    \zdo-cli.o C:\Ember\EmberZNet5.3.0-GA\em35x\build\DoorSe #
#                    nsor_SM6011\zigbee-device-common.o                       #
#                    C:\Ember\EmberZNet5.3.0-GA\em35x\build\DoorSensor_SM6011 #
#                    \zigbee-device-library.o C:\Ember\EmberZNet5.3.0-GA\em35 #
#                    x\build\alarm-stub-library-cortexm3-iar-em3585-em3xx\ala #
#                    rm-stub-library.a C:\Ember\EmberZNet5.3.0-GA\em35x\build #
#                    \binding-table-library-cortexm3-iar-em3585-em3xx\binding #
#                    -table-library.a C:\Ember\EmberZNet5.3.0-GA\em35x\build\ #
#                    cbke-163k1-stub-library-cortexm3-iar-em3585-em3xx\cbke-1 #
#                    63k1-stub-library.a C:\Ember\EmberZNet5.3.0-GA\em35x\bui #
#                    ld\cbke-283k1-stub-library-cortexm3-iar-em3585-em3xx\cbk #
#                    e-283k1-stub-library.a C:\Ember\EmberZNet5.3.0-GA\em35x\ #
#                    build\cbke-library-dsa-sign-stub-cortexm3-iar-em3585-em3 #
#                    xx\cbke-library-dsa-sign-stub.a                          #
#                    C:\Ember\EmberZNet5.3.0-GA\em35x\build\cbke-library-dsa- #
#                    verify-stub-cortexm3-iar-em3585-em3xx\cbke-library-dsa-v #
#                    erify-stub.a C:\Ember\EmberZNet5.3.0-GA\em35x\build\cbke #
#                    -stub-library-cortexm3-iar-em3585-em3xx\cbke-stub-librar #
#                    y.a C:\Ember\EmberZNet5.3.0-GA\em35x\build\end-device-bi #
#                    nd-stub-library-cortexm3-iar-em3585-em3xx\end-device-bin #
#                    d-stub-library.a C:\Ember\EmberZNet5.3.0-GA\em35x\build\ #
#                    hal-library-cortexm3-iar-em3585-em3xx\hal-library.a      #
#                    C:\Ember\EmberZNet5.3.0-GA\em35x\build\install-code-libr #
#                    ary-stub-cortexm3-iar-em3585-em3xx\install-code-library- #
#                    stub.a C:\Ember\EmberZNet5.3.0-GA\em35x\build\mfglib-lib #
#                    rary-cortexm3-iar-em3585-em3xx-debug\mfglib-library.a    #
#                    C:\Ember\EmberZNet5.3.0-GA\em35x\build\multi-network-stu #
#                    b-library-cortexm3-iar-em3585-em3xx\multi-network-stub-l #
#                    ibrary.a C:\Ember\EmberZNet5.3.0-GA\em35x\build\packet-v #
#                    alidate-library-cortexm3-iar-em3585-em3xx\packet-validat #
#                    e-library.a C:\Ember\EmberZNet5.3.0-GA\em35x\build\rf4ce #
#                    -stack-stub-library-cortexm3-iar-em3585-em3xx\rf4ce-stac #
#                    k-stub-library.a C:\Ember\EmberZNet5.3.0-GA\em35x\build\ #
#                    security-library-core-cortexm3-iar-em3585-em3xx\security #
#                    -library-core.a C:\Ember\EmberZNet5.3.0-GA\em35x\build\s #
#                    ecurity-library-link-keys-stub-cortexm3-iar-em3585-em3xx #
#                    \security-library-link-keys-stub.a                       #
#                    C:\Ember\EmberZNet5.3.0-GA\em35x\build\zigbee-pro-leaf-s #
#                    tack-cortexm3-iar-em3585-em3xx\zigbee-pro-leaf-stack.a   #
#                    C:\Ember\EmberZNet5.3.0-GA\em35x\build\zll-stub-library- #
#                    cortexm3-iar-em3585-em3xx\zll-stub-library.a --redirect  #
#                    _Printf=_PrintfFull --redirect _Scanf=_ScanfFull -o      #
#                    C:\Ember\EmberZNet5.3.0-GA\em35x\build\DoorSensor_SM6011 #
#                    \DoorSensor_SM6011.out --config_def LOCAL_STORAGE_BTL=1  #
#                    --map C:\Ember\EmberZNet5.3.0-GA\em35x\build\DoorSensor_ #
#                    SM6011\DoorSensor_SM6011.map --log                       #
#                    initialization,modules,sections,veneers --log_file       #
#                    C:\Ember\EmberZNet5.3.0-GA\em35x\build\DoorSensor_SM6011 #
#                    \DoorSensor_SM6011.log --config                          #
#                    C:\Ember\EmberZNet5.3.0-GA\em35x\app\builder\DoorSensor_ #
#                    SM6011/../../../hal/micro/cortexm3/em35x/em3585/iar-cfg. #
#                    icf --diag_suppress Lp012 --entry halEntryPoint --vfe    #
#                                                                             #
#                                                                             #
###############################################################################

*******************************************************************************
*** RUNTIME MODEL ATTRIBUTES
***

CppFlavor       = *
__SystemLibrary = DLib


*******************************************************************************
*** PLACEMENT SUMMARY
***

"BAT": place at 0x08000000 { section BAT };
"HEADERS":
       place at start of [0x08004000-0x080040ff] { block HEADER_block };
"APP ro":
       place at start of [0x08004100-0x0807ffff] { block APPRO_block };
"NVM&SIMEE":
       place at end of [0x08004100-0x0807ffff] {
          zi section NVM, zi section SIMEE, zi section INTERNAL_STORAGE };
"FAT": place at 0x08080000 { section FAT };
"DEBUGCHAN":
       place at start of [0x20007ff0-0x20007fff] { rw section DEBUG_CHANNEL };
"APP rw":
       place at end of [0x20000000-0x20007fef] { block APPRW_block };
"Heap":
       place at start of [0x20000000-0x20007fef] { overlay EMHEAP_overlay };
"Guard":
       place in [from 0x20000000 to 0x20007fef] { rw section GUARD_REGION };

  Section                 Kind        Address     Size  Object
  -------                 ----        -------     ----  ------
"BAT":                                            0x54
  BAT                     uninit   0x08000000     0x54  cstartup-iar-common.o [1]
                                 - 0x08000054     0x54

"HEADERS":                                        0xac
  HEADER_block                     0x08004000     0xac  <Block>
    AAT                   const    0x08004000     0xac  cstartup-iar-common.o [1]
                                 - 0x080040ac     0xac

"APP ro":                                      0x25358
  APPRO_block                      0x08004100  0x25358  <Block>
    .intvec               const    0x08004100     0x90  cstartup-iar-common.o [1]
    .text                          0x08004190  0x1ecae  <Block>
      .text               ro code  0x08004190     0x38  DoorSensor_SM6011_callbacks.o [1]
      .text               ro code  0x080041c8    0x144  print.o [1]
      .text               ro code  0x0800430c    0x458  serial.o [1]
      .text               ro code  0x08004764     0xd2  mem-util.o [1]
      .text               ro code  0x08004838      0xc  spmr.o [12]
      .text               ro code  0x08004844      0x6  spmr.o [12]
      .text               ro code  0x0800484c    0x360  uart.o [1]
      .text               ro code  0x08004bac     0x66  ABImemset.o [18]
      .text               ro code  0x08004c14    0x23c  micro-common-internal.o [12]
      .text               ro code  0x08004e50    0xb58  diagnostic.o [1]
      .text               ro code  0x080059a8    0x2d4  debug.o [21]
      .text               ro code  0x08005c7c     0xdc  micro-common.o [1]
      .text               ro code  0x08005d58    0x11c  caladc.o [12]
      .text               ro code  0x08005e74     0xf4  mfg-token.o [1]
      .text               ro code  0x08005f68    0x8c4  phy-common.o [21]
      .text               ro code  0x0800682c    0x178  micro-internal.o [12]
      .text               ro code  0x080069a4     0x90  cstartup-iar-common.o [1]
      .text               ro code  0x08006a34    0x6c8  packet-buffer.o [21]
      .text               ro code  0x080070fc    0x330  micro.o [1]
      .text               ro code  0x0800742c    0x2c8  debug-jtag.o [21]
      .text               ro code  0x080076f4    0x220  ember-stack-common.o [21]
      .text               ro code  0x08007914    0x5b4  analogue.o [21]
      .text               ro code  0x08007ec8     0xb4  ember-configuration.o [1]
      .text               ro code  0x08007f7c    0x58c  clocks.o [12]
      .text               ro code  0x08008508      0x4  spmr.o [12]
      .text               ro code  0x0800850c      0x4  spmr.o [12]
      .text               ro code  0x08008510      0xe  spmr.o [12]
      .text               ro code  0x08008520      0x8  context-switch.o [12]
      .text               ro code  0x08008528    0x120  flash.o [12]
      .text               ro code  0x08008648     0x48  random.o [1]
      .text               ro code  0x08008690      0xe  spmr.o [12]
      .text               ro code  0x080086a0      0x8  spmr.o [12]
      .text               ro code  0x080086a8    0x55c  phy.o [21]
      .text               ro code  0x08008c04    0x610  sleep.o [1]
      .text               ro code  0x08009214    0x1ac  mac-em250.o [21]
      .text               ro code  0x080093c0     0x18  eui64.o [21]
      .text               ro code  0x080093d8     0x74  mpu.o [1]
      .text               ro code  0x0800944c    0x208  ember-multi-network-stub.o [15]
      .text               ro code  0x08009654     0xc0  adc.o [1]
      .text               ro code  0x08009714    0x13c  button.o [1]
      .text               ro code  0x08009850    0x11c  token.o [1]
      .text               ro code  0x0800996c    0x198  system-timer.o [12]
      .text               ro code  0x08009b04     0x24  crc.o [1]
      .text               ro code  0x08009b28    0x258  event-control.o [21]
      .text               ro code  0x08009d80     0x50  rf4ce-stack-stubs.o [17]
      .text               ro code  0x08009dd0    0x40c  mac-arbiter.o [21]
      .text               ro code  0x0800a1dc     0x32  zll-stubs.o [22]
      .text               ro code  0x0800a210    0x2c8  mac-receive.o [21]
      .text               ro code  0x0800a4d8      0xe  cbke-crypto-engine-stub.o [9]
      .text               ro code  0x0800a4e8    0x4cc  zigbee-stack.o [21]
      .text               ro code  0x0800a9b4   0x14ee  association.o [21]
      .text               ro code  0x0800bea4    0x334  management.o [21]
      .text               ro code  0x0800c1d8     0xec  analogue-cell-bias.o [21]
      .text               ro code  0x0800c2c4     0x50  analogue-filter.o [21]
      .text               ro code  0x0800c314     0xd0  analogue-vco.o [21]
      .text               ro code  0x0800c3e4    0x268  analogue-mod-dac.o [21]
      .text               ro code  0x0800c64c    0x1aa  analogue-lna.o [21]
      .text               ro code  0x0800c7f8    0xad0  sim-eeprom-internal.o [12]
      .text               ro code  0x0800d2c8    0x120  sim-eeprom.o [1]
      .text               ro code  0x0800d3e8     0x1c  mac-indirect-stub.o [21]
      .text               ro code  0x0800d404     0x40  child-table.o [21]
      .text               ro code  0x0800d444     0xae  aes.o [21]
      .text               ro code  0x0800d4f2      0x8  abs.o [10]
      .text               ro code  0x0800d4fc     0x7a  led.o [1]
      .text               ro code  0x0800d578     0x5c  symbol-timer.o [21]
      .text               ro code  0x0800d5d4    0x450  mac.o [21]
      .text               ro code  0x0800da24    0x5dc  af-main-soc.o [1]
      .text               ro code  0x0800e000    0x164  counters-soc.o [1]
      .text               ro code  0x0800e164    0xae8  af-main-common.o [1]
      .text               ro code  0x0800ec4c    0x288  jit.o [21]
      .text               ro code  0x0800eed4    0x370  command.o [21]
      .text               ro code  0x0800f244    0x3d4  scan.o [21]
      .text               ro code  0x0800f618   0x14dc  network.o [21]
      .text               ro code  0x08010af4    0x24c  packet-header.o [21]
      .text               ro code  0x08010d40    0x330  mac-header.o [21]
      .text               ro code  0x08011070     0x80  ember-library.o [21]
      .text               ro code  0x080110f0     0x12  phy-util.o [21]
      .text               ro code  0x08011104    0x484  binding-table.o [4]
      .text               ro code  0x08011588    0x400  address-table.o [21]
      .text               ro code  0x08011988      0x6  cbke-crypto-engine-163k1-stub.o [5]
      .text               ro code  0x0801198e      0x6  cbke-crypto-engine-283k1-stub.o [6]
      .text               ro code  0x08011994    0x150  broadcast.o [21]
      .text               ro code  0x08011ae4     0xd4  leaf-routing-stub.o [21]
      .text               ro code  0x08011bb8    0x880  application-support.o [21]
      .text               ro code  0x08012438    0x17c  child-aging.o [21]
      .text               ro code  0x080125b4    0x370  zdo-channel.o [21]
      .text               ro code  0x08012924    0x8e4  aps-retry.o [21]
      .text               ro code  0x08013208    0x28a  retry.o [21]
      .text               ro code  0x08013494    0x640  neighbor.o [21]
      .text               ro code  0x08013ad4    0x500  aps-keys.o [19]
      .text               ro code  0x08013fd4     0x36  child-stub.o [21]
      .text               ro code  0x0801400c    0x1f4  zigbee-neighbor.o [21]
      .text               ro code  0x08014200      0x8  high-security-stub.o [19]
      .text               ro code  0x08014208    0x62c  zigbee-device-util.o [21]
      .text               ro code  0x08014834    0x398  leave.o [21]
      .text               ro code  0x08014bcc    0x2dc  random-id.o [21]
      .text               ro code  0x08014ea8    0xca8  aps-security.o [19]
      .text               ro code  0x08015b50    0x580  zigbee-packet-header.o [21]
      .text               ro code  0x080160d0    0x488  trust-center-util.o [19]
      .text               ro code  0x08016558    0x180  token-cache.o [21]
      .text               ro code  0x080166d8     0x44  byte-utilities.o [21]
      .text               ro code  0x0801671c     0xa0  callback-stub.o [1]
      .text               ro code  0x080167bc     0x64  multi-network.o [1]
      .text               ro code  0x08016820    0x9a0  attribute-storage.o [1]
      .text               ro code  0x080171c0    0xbc0  util.o [1]
      .text               ro code  0x08017d80     0x10  security-address-cache.o [1]
      .text               ro code  0x08017d90    0x7b4  command-interpreter2.o [1]
      .text               ro code  0x08018544    0x224  af-event.o [1]
      .text               ro code  0x08018768     0xb4  zigbee-dispatch.o [21]
      .text               ro code  0x0801881c    0x28c  zigbee-device-library.o [1]
      .text               ro code  0x08018aa8     0x76  ABImemcpy.o [18]
      .text               ro code  0x08018b20    0x2fa  form-and-join.o [1]
      .text               ro code  0x08018e1c     0x34  crypto-state.o [1]
      .text               ro code  0x08018e50    0x1d0  end-device-support.o [1]
      .text               ro code  0x08019020    0x55c  service-discovery-common.o [1]
      .text               ro code  0x0801957c     0x84  af-security-common.o [1]
      .text               ro code  0x08019600    0x160  end-device-move.o [1]
      .text               ro code  0x08019760    0x394  network-find.o [1]
      .text               ro code  0x08019af4    0x828  sensor-iface.o [1]
      .text               ro code  0x0801a31c     0xc4  af-trust-center.o [1]
      .text               ro code  0x0801a3e0     0xfc  af-node.o [1]
      .text               ro code  0x0801a4dc      0xa  alarm-stub.o [3]
      .text               ro code  0x0801a4e8    0x148  route-error.o [21]
      .text               ro code  0x0801a630     0x64  unicast-table.o [21]
      .text               ro code  0x0801a694    0x598  crypto.o [21]
      .text               ro code  0x0801ac2c    0x314  aps-encryption.o [19]
      .text               ro code  0x0801af40    0x398  packet-validate.o [16]
      .text               ro code  0x0801b2d8     0xe0  polling-soc.o [1]
      .text               ro code  0x0801b3b8      0x4  cbke-crypto-engine-dsa-sign-stub.o [7]
      .text               ro code  0x0801b3bc     0xd8  security-config-mfg-3xx.o [19]
      .text               ro code  0x0801b494     0x16  aps-keys-full-stub.o [20]
      .text               ro code  0x0801b4aa     0x62  hmac.o [19]
      .text               ro code  0x0801b50c    0x84c  zigbee-device.o [21]
      .text               ro code  0x0801bd58      0x8  end-device-bind-stub.o [11]
      .text               ro code  0x0801bd60      0x4  install-code-stub.o [13]
      .text               ro code  0x0801bd64      0x4  aps-skke-stub.o [19]
      .text               ro code  0x0801bd68     0xe8  idle-sleep-soc.o [1]
      .text               ro code  0x0801be50    0x7dc  attribute-table.o [1]
      .text               ro code  0x0801c62c    0x288  client-api.o [1]
      .text               ro code  0x0801c8b4     0x8a  address-table-soc.o [1]
      .text               ro code  0x0801c940    0x188  battery-monitor.o [1]
      .text               ro code  0x0801cac8    0x9ac  reporting.o [1]
      .text               ro code  0x0801d474    0x17c  print-formatter.o [1]
      .text               ro code  0x0801d5f0     0x78  process-cluster-message.o [1]
      .text               ro code  0x0801d668    0x64c  process-global-message.o [1]
      .text               ro code  0x0801dcb4    0x104  message.o [1]
      .text               ro code  0x0801ddb8    0x560  core-cli.o [1]
      .text               ro code  0x0801e318    0x1d0  identify.o [1]
      .text               ro code  0x0801e4e8    0x42c  ias-zone-server.o [1]
      .text               ro code  0x0801e914    0x106  zigbee-device-common.o [1]
      .text               ro code  0x0801ea1c     0x68  form-and-join-node-adapter.o [1]
      .text               ro code  0x0801ea84     0x56  service-discovery-soc.o [1]
      .text               ro code  0x0801eadc     0x38  super-sleepy-enable.o [1]
      .text               ro code  0x0801eb14    0x12c  idle-sleep.o [1]
      .text               ro code  0x0801ec40    0x210  led-blink.o [1]
      .text               ro code  0x0801ee50    0x15c  aes-mmo.o [19]
      .text               ro code  0x0801efac    0x110  polling-common.o [1]
      .text               ro code  0x0801f0bc    0x1c4  zdo-binding-table.o [4]
      .text               ro code  0x0801f280     0xec  eeprom.o [1]
      .text               ro code  0x0801f36c     0x48  attribute-size.o [1]
      .text               ro code  0x0801f3b4     0xbc  call-command-handler.o [1]
      .text               ro code  0x0801f470    0x198  identify-feedback.o [1]
      .text               ro code  0x0801f608    0x10c  bootloader-interface-app.o [1]
      .text               ro code  0x0801f714    0x108  address-table-cli.o [1]
      .text               ro code  0x0801f81c     0x98  buzzer.o [1]
      .text               ro code  0x0801f8b4     0xb8  counters-cli.o [1]
      .text               ro code  0x0801f96c    0x304  eeprom-cli.o [1]
      .text               ro code  0x0801fc70    0x354  end-device-support-cli.o [1]
      .text               ro code  0x0801ffc4     0x80  faults.o [1]
      .text               ro code  0x08020044     0x7c  identify-cli.o [1]
      .text               ro code  0x080200c0     0xf8  idle-sleep-cli.o [1]
      .text               ro code  0x080201b8      0x0  isr-stubs.o [1]
      .text               ro code  0x080201b8      0x0  isr-stubs.o [1]
      .text               ro code  0x080201b8      0x0  isr-stubs.o [1]
      .text               ro code  0x080201b8      0x0  isr-stubs.o [1]
      .text               ro code  0x080201b8      0x0  isr-stubs.o [1]
      .text               ro code  0x080201b8      0x0  isr-stubs.o [1]
      .text               ro code  0x080201b8      0x0  isr-stubs.o [1]
      .text               ro code  0x080201b8      0x0  isr-stubs.o [1]
      .text               ro code  0x080201b8      0x0  isr-stubs.o [1]
      .text               ro code  0x080201b8      0x0  isr-stubs.o [1]
      .text               ro code  0x080201b8      0x0  isr-stubs.o [1]
      .text               ro code  0x080201b8      0x0  isr-stubs.o [1]
      .text               ro code  0x080201b8      0x0  isr-stubs.o [1]
      .text               ro code  0x080201b8      0x4  isr-stubs.o [1]
      .text               ro code  0x080201bc    0x120  library.o [1]
      .text               ro code  0x080202dc    0x270  network-cli.o [1]
      .text               ro code  0x0802054c    0x688  option-cli.o [1]
      .text               ro code  0x08020bd4    0x1d0  reporting-cli.o [1]
      .text               ro code  0x08020da4    0x42c  security-cli.o [1]
      .text               ro code  0x080211d0    0x4e8  sensor-custom-cli-commands.o [1]
      .text               ro code  0x080216b8    0x1fc  mfglib.o [14]
      .text               ro code  0x080218b4    0xbc0  zcl-cli.o [1]
      .text               ro code  0x08022474    0x6e8  zdo-cli.o [1]
      .text               ro code  0x08022b5c    0x21c  cstartup-iar.o [12]
      .text               ro code  0x08022d78      0x6  ABImemclr.o [18]
      .text               ro code  0x08022d80      0x6  ABImemclr4.o [18]
      .text               ro code  0x08022d88     0x10  context-switch.o [12]
      .text               ro code  0x08022d98     0x32  ABImemset48.o [18]
      .text               ro code  0x08022dcc     0x38  context-switch.o [12]
      .text               ro code  0x08022e04     0x18  cal-pads.o [21]
      .text               ro code  0x08022e1c     0x22  cli.o [1]
    .rodata               const    0x08022e40    0x2ac  af-event.o [1]
    .rodata               const    0x080230ec     0x40  af-main-common.o [1]
    .rodata               const    0x0802312c     0xd4  af-trust-center.o [1]
    .rodata               const    0x08023200     0x20  attribute-storage.o [1]
    .rodata               const    0x08023220   0x4760  cli.o [1]
    .rodata               const    0x08027980     0x84  command-interpreter2.o [1]
    .rodata               const    0x08027a04     0x10  core-cli.o [1]
    .rodata               const    0x08027a14    0x27c  counters-cli.o [1]
    .rodata               const    0x08027c90     0x28  crypto-state.o [1]
    .rodata               const    0x08027cb8    0x4f0  diagnostic.o [1]
    .rodata               const    0x080281a8      0x3  ember-configuration.o [1]
    .rodata               const    0x080281ab      0x1  binding-table.o [4]
    .rodata               const    0x080281ac     0x38  end-device-support-cli.o [1]
    .rodata               const    0x080281e4     0xcc  library.o [1]
    .rodata               const    0x080282b0     0xec  micro.o [1]
    .rodata               const    0x0802839c     0x28  option-cli.o [1]
    .rodata               const    0x080283c4     0xf8  print.o [1]
    .rodata               const    0x080284bc    0x230  sensor-custom-cli-commands.o [1]
    .rodata               const    0x080286ec      0x8  serial.o [1]
    .rodata               const    0x080286f4     0x34  sim-eeprom.o [1]
    .rodata               const    0x08028728    0x330  token-def.o [1]
    .rodata               const    0x08028a58     0x3c  util.o [1]
    .rodata               const    0x08028a94      0x8  ember-version.o [21]
    .rodata               const    0x08028a9c      0x8  rf4ce-stack-stubs.o [17]
    .rodata               const    0x08028aa4      0xc  leaf-routing-stub.o [21]
    .rodata               const    0x08028ab0     0x20  mfg-token.o [1]
    .rodata               const    0x08028ad0      0x2  micro-common.o [1]
    .rodata               const    0x08028ad2      0x1  ember-library.o [21]
    .rodata               const    0x08028ad3      0x1  aps-keys-full-stub.o [20]
    .rodata               const    0x08028ad4      0x1  trust-center-util.o [19]
    .rodata               const    0x08028ad5      0x1  cbke-crypto-engine-stub.o [9]
    .rodata               const    0x08028ad6      0x1  install-code-stub.o [13]
    .rodata               const    0x08028ad7      0x1  aps-skke-stub.o [19]
    .rodata               const    0x08028ad8      0x1  zll-stubs.o [22]
    .rodata               const    0x08028ad9      0x1  end-device-bind-stub.o [11]
    .rodata               const    0x08028ada      0x1  cbke-crypto-engine-dsa-sign-stub.o [7]
    .rodata               const    0x08028adb      0x1  packet-validate.o [16]
    .rodata               const    0x08028adc      0x1  alarm-stub.o [3]
    .rodata               const    0x08028add      0x1  cbke-crypto-engine-163k1-stub.o [5]
    .rodata               const    0x08028ade      0x1  cbke-crypto-engine-283k1-stub.o [6]
    .rodata               const    0x08028adf      0x1  cbke-crypto-engine-dsa-verify-stub.o [8]
    .data_init                     0x08028ae0    0x978  <Block>
      Initializer bytes   ro data  0x08028ae0    0x978  <for .data-1>
                                 - 0x08029458  0x25358

"NVM&SIMEE":                                   0x3f800
  SIMEE                            0x08040800   0x2000  <Block>
    SIMEE                 uninit   0x08040800   0x2000  sim-eeprom.o [1]
  INTERNAL_STORAGE                 0x08042800  0x3d800  <Block>
    INTERNAL_STORAGE      uninit   0x08042800  0x3d800  cstartup-iar-common.o [1]
                                 - 0x08080000  0x3f800

"FAT":                                            0x2c
  FAT                     uninit   0x08080000     0x2c  cstartup-iar-common.o [1]
                                 - 0x0808002c     0x2c

"Heap":                                          0xd40
  EMHEAP_overlay                   0x20000000    0xd38  <Overlay>
    part 1:
      EMHEAP              uninit   0x20000000    0xd38  ember-configuration.o [1]
    part 2:
      RESETINFO                    0x20000000     0x98  <Block>
        RESETINFO         const    0x20000000      0x0  faults.o [1]
        RESETINFO         const    0x20000000      0x0  isr-stubs.o [1]
        RESETINFO         const    0x20000000      0x0  spmr.o [12]
        RESETINFO         const    0x20000000      0x0  context-switch.o [12]
        RESETINFO         uninit   0x20000000     0x98  cstartup-iar-common.o [1]
                                 - 0x20000d38    0xd38

"Guard":                                          0x20
  GUARD_REGION            uninit   0x20000d40     0x20  cstartup-iar-common.o [1]
                                 - 0x20000d60     0x20

"APP rw":                                       0x1e6d
  APPRW_block                      0x20006180   0x1e6d  <Block>
    ALIGN_CSTACK                   0x20006180    0x960  <Block>
      CSTACK                       0x20006180    0x960  <Block>
        CSTACK            const    0x20006180      0x0  faults.o [1]
        CSTACK            const    0x20006180      0x0  isr-stubs.o [1]
        CSTACK            const    0x20006180      0x0  spmr.o [12]
        CSTACK            const    0x20006180      0x0  context-switch.o [12]
        CSTACK            uninit   0x20006180    0x960  cstartup-iar-common.o [1]
    .data                          0x20006ae0    0x978  <Block>
      .data-1                      0x20006ae0    0x976  <Init block>
        .data             inited   0x20006ae0     0x1c  af-event.o [1]
        .data             inited   0x20006afc     0x48  af-event.o [1]
        .data             inited   0x20006b44      0x1  af-main-common.o [1]
        .data             inited   0x20006b45      0x1  af-main-soc.o [1]
        .data             inited   0x20006b48     0x34  af-trust-center.o [1]
        .data             inited   0x20006b7c      0xc  battery-monitor.o [1]
        .data             inited   0x20006b88      0x8  buzzer.o [1]
        .data             inited   0x20006b90     0x18  cli.o [1]
        .data             inited   0x20006ba8     0x10  cli.o [1]
        .data             inited   0x20006bb8      0x8  cli.o [1]
        .data             inited   0x20006bc0     0x10  cli.o [1]
        .data             inited   0x20006bd0     0x10  cli.o [1]
        .data             inited   0x20006be0      0xc  cli.o [1]
        .data             inited   0x20006bec     0x10  cli.o [1]
        .data             inited   0x20006bfc     0x14  cli.o [1]
        .data             inited   0x20006c10     0x10  cli.o [1]
        .data             inited   0x20006c20      0x8  cli.o [1]
        .data             inited   0x20006c28      0x8  cli.o [1]
        .data             inited   0x20006c30     0x20  cli.o [1]
        .data             inited   0x20006c50      0x8  cli.o [1]
        .data             inited   0x20006c58      0x8  cli.o [1]
        .data             inited   0x20006c60      0x8  cli.o [1]
        .data             inited   0x20006c68      0x8  cli.o [1]
        .data             inited   0x20006c70      0x8  cli.o [1]
        .data             inited   0x20006c78      0xc  cli.o [1]
        .data             inited   0x20006c84      0x8  cli.o [1]
        .data             inited   0x20006c8c      0x8  cli.o [1]
        .data             inited   0x20006c94     0x10  cli.o [1]
        .data             inited   0x20006ca4      0xc  cli.o [1]
        .data             inited   0x20006cb0     0x10  cli.o [1]
        .data             inited   0x20006cc0     0x14  cli.o [1]
        .data             inited   0x20006cd4     0x1c  cli.o [1]
        .data             inited   0x20006cf0     0x14  cli.o [1]
        .data             inited   0x20006d04     0x10  cli.o [1]
        .data             inited   0x20006d14     0x10  cli.o [1]
        .data             inited   0x20006d24     0x10  cli.o [1]
        .data             inited   0x20006d34     0x14  cli.o [1]
        .data             inited   0x20006d48     0x14  cli.o [1]
        .data             inited   0x20006d5c      0x8  cli.o [1]
        .data             inited   0x20006d64     0x14  cli.o [1]
        .data             inited   0x20006d78      0xc  cli.o [1]
        .data             inited   0x20006d84      0x8  cli.o [1]
        .data             inited   0x20006d8c      0xc  cli.o [1]
        .data             inited   0x20006d98      0x8  cli.o [1]
        .data             inited   0x20006da0      0xc  cli.o [1]
        .data             inited   0x20006dac      0x8  cli.o [1]
        .data             inited   0x20006db4      0x8  cli.o [1]
        .data             inited   0x20006dbc      0xc  cli.o [1]
        .data             inited   0x20006dc8      0x8  cli.o [1]
        .data             inited   0x20006dd0      0x8  cli.o [1]
        .data             inited   0x20006dd8      0x8  cli.o [1]
        .data             inited   0x20006de0      0x8  cli.o [1]
        .data             inited   0x20006de8      0x8  cli.o [1]
        .data             inited   0x20006df0     0x10  cli.o [1]
        .data             inited   0x20006e00      0xc  cli.o [1]
        .data             inited   0x20006e0c      0x8  cli.o [1]
        .data             inited   0x20006e14      0x8  cli.o [1]
        .data             inited   0x20006e1c      0x8  cli.o [1]
        .data             inited   0x20006e24     0x10  cli.o [1]
        .data             inited   0x20006e34      0x8  cli.o [1]
        .data             inited   0x20006e3c      0x8  cli.o [1]
        .data             inited   0x20006e44      0x8  cli.o [1]
        .data             inited   0x20006e4c      0x8  cli.o [1]
        .data             inited   0x20006e54     0x1c  cli.o [1]
        .data             inited   0x20006e70     0x18  cli.o [1]
        .data             inited   0x20006e88      0x8  cli.o [1]
        .data             inited   0x20006e90      0x8  cli.o [1]
        .data             inited   0x20006e98      0xc  cli.o [1]
        .data             inited   0x20006ea4     0x10  cli.o [1]
        .data             inited   0x20006eb4      0x8  cli.o [1]
        .data             inited   0x20006ebc      0x8  cli.o [1]
        .data             inited   0x20006ec4      0xc  cli.o [1]
        .data             inited   0x20006ed0      0x8  cli.o [1]
        .data             inited   0x20006ed8      0xc  cli.o [1]
        .data             inited   0x20006ee4      0x8  cli.o [1]
        .data             inited   0x20006eec      0x8  cli.o [1]
        .data             inited   0x20006ef4     0x1c  cli.o [1]
        .data             inited   0x20006f10      0xc  cli.o [1]
        .data             inited   0x20006f1c     0x10  cli.o [1]
        .data             inited   0x20006f2c      0x8  cli.o [1]
        .data             inited   0x20006f34      0x8  cli.o [1]
        .data             inited   0x20006f3c      0xc  cli.o [1]
        .data             inited   0x20006f48     0x10  cli.o [1]
        .data             inited   0x20006f58     0x1c  cli.o [1]
        .data             inited   0x20006f74     0x14  cli.o [1]
        .data             inited   0x20006f88      0xc  cli.o [1]
        .data             inited   0x20006f94      0x8  cli.o [1]
        .data             inited   0x20006f9c     0x10  cli.o [1]
        .data             inited   0x20006fac      0x1  command-interpreter2.o [1]
        .data             inited   0x20006fb0     0x20  command-interpreter2.o [1]
        .data             inited   0x20006fd0     0x88  counters-cli.o [1]
        .data             inited   0x20007058      0x4  counters-cli.o [1]
        .data             inited   0x2000705c     0x10  crypto-state.o [1]
        .data             inited   0x2000706c     0x12  eeprom.o [1]
        .data             inited   0x2000707e      0x1  ember-configuration.o [1]
        .data             inited   0x2000707f      0x1  ember-configuration.o [1]
        .data             inited   0x20007080      0x4  ember-configuration.o [1]
        .data             inited   0x20007084      0x4  ember-configuration.o [1]
        .data             inited   0x20007088      0x4  ember-configuration.o [1]
        .data             inited   0x2000708c      0x4  ember-configuration.o [1]
        .data             inited   0x20007090      0x4  ember-configuration.o [1]
        .data             inited   0x20007094      0x1  ember-configuration.o [1]
        .data             inited   0x20007098      0x4  ember-configuration.o [1]
        .data             inited   0x2000709c      0x1  ember-configuration.o [1]
        .data             inited   0x200070a0      0x4  ember-configuration.o [1]
        .data             inited   0x200070a4      0x4  ember-configuration.o [1]
        .data             inited   0x200070a8      0x4  ember-configuration.o [1]
        .data             inited   0x200070ac      0x1  ember-configuration.o [1]
        .data             inited   0x200070b0      0x4  ember-configuration.o [1]
        .data             inited   0x200070b4      0x1  ember-configuration.o [1]
        .data             inited   0x200070b8      0x4  ember-configuration.o [1]
        .data             inited   0x200070bc      0x1  ember-configuration.o [1]
        .data             inited   0x200070c0      0x4  ember-configuration.o [1]
        .data             inited   0x200070c4      0x1  ember-configuration.o [1]
        .data             inited   0x200070c8      0x4  ember-configuration.o [1]
        .data             inited   0x200070cc      0x4  ember-configuration.o [1]
        .data             inited   0x200070d0      0x1  ember-configuration.o [1]
        .data             inited   0x200070d4      0x4  ember-configuration.o [1]
        .data             inited   0x200070d8      0x1  ember-configuration.o [1]
        .data             inited   0x200070dc      0x4  ember-configuration.o [1]
        .data             inited   0x200070e0      0x1  ember-configuration.o [1]
        .data             inited   0x200070e4      0x4  ember-configuration.o [1]
        .data             inited   0x200070e8      0x2  ember-configuration.o [1]
        .data             inited   0x200070ea      0x1  ember-configuration.o [1]
        .data             inited   0x200070ec      0x4  ember-configuration.o [1]
        .data             inited   0x200070f0      0x1  ember-configuration.o [1]
        .data             inited   0x200070f1      0x1  ember-configuration.o [1]
        .data             inited   0x200070f2      0x1  ember-configuration.o [1]
        .data             inited   0x200070f3      0x1  ember-configuration.o [1]
        .data             inited   0x200070f4      0x1  ember-configuration.o [1]
        .data             inited   0x200070f6      0x2  ember-configuration.o [1]
        .data             inited   0x200070f8      0x1  ember-configuration.o [1]
        .data             inited   0x200070f9      0x1  ember-configuration.o [1]
        .data             inited   0x200070fa      0x1  ember-configuration.o [1]
        .data             inited   0x200070fb      0x1  ember-configuration.o [1]
        .data             inited   0x200070fc      0x8  end-device-support-cli.o [1]
        .data             inited   0x20007104      0xc  form-and-join-node-adapter.o [1]
        .data             inited   0x20007110      0x2  idle-sleep.o [1]
        .data             inited   0x20007114     0x44  library.o [1]
        .data             inited   0x20007158     0x24  micro.o [1]
        .data             inited   0x2000717c     0x40  mpu.o [1]
        .data             inited   0x200071bc      0x2  option-cli.o [1]
        .data             inited   0x200071c0     0x44  print.o [1]
        .data             inited   0x20007204      0x2  print.o [1]
        .data             inited   0x20007206      0x4  random.o [1]
        .data             inited   0x2000720c     0x20  security-cli.o [1]
        .data             inited   0x2000722c     0x80  sensor-custom-cli-commands.o [1]
        .data             inited   0x200072ac     0x2c  serial.o [1]
        .data             inited   0x200072d8     0x20  util.o [1]
        .data             inited   0x200072f8      0x1  util.o [1]
        .data             inited   0x200072f9      0x1  zigbee-device-common.o [1]
        .data             inited   0x200072fa      0x9  analogue.o [21]
        .data             inited   0x20007304      0xe  analogue.o [21]
        .data             inited   0x20007314     0x24  association.o [21]
        .data             inited   0x20007338      0xc  association.o [21]
        .data             inited   0x20007344      0x2  token-cache.o [21]
        .data             inited   0x20007346      0xa  zigbee-device.o [21]
        .data             inited   0x20007350      0x1  packet-buffer.o [21]
        .data             inited   0x20007352      0x4  application-support.o [21]
        .data             inited   0x20007358      0x8  zigbee-stack.o [21]
        .data             inited   0x20007360      0x1  zigbee-stack.o [21]
        .data             inited   0x20007364      0x4  micro-internal.o [12]
        .data             inited   0x20007368      0x4  debug.o [21]
        .data             inited   0x2000736c      0xe  aps-retry.o [21]
        .data             inited   0x2000737c     0x24  scan.o [21]
        .data             inited   0x200073a0      0xa  clocks.o [12]
        .data             inited   0x200073aa      0x1  zigbee-device-util.o [21]
        .data             inited   0x200073ac      0xe  leave.o [21]
        .data             inited   0x200073bc      0x4  network.o [21]
        .data             inited   0x200073c0      0x1  network.o [21]
        .data             inited   0x200073c1      0x2  mac-em250.o [21]
        .data             inited   0x200073c3      0x1  mac-em250.o [21]
        .data             inited   0x200073c4     0x1c  phy-common.o [21]
        .data             inited   0x200073e0      0x1  phy-common.o [21]
        .data             inited   0x200073e2      0x8  analogue-mod-dac.o [21]
        .data             inited   0x200073ec     0x14  mac-arbiter.o [21]
        .data             inited   0x20007400      0x8  mac-arbiter.o [21]
        .data             inited   0x20007408      0x2  trust-center-util.o [19]
        .data             inited   0x2000740c      0xe  management.o [21]
        .data             inited   0x2000741a      0x2  random-id.o [21]
        .data             inited   0x2000741c     0x14  zdo-channel.o [21]
        .data             inited   0x20007430     0x10  mac-receive.o [21]
        .data             inited   0x20007440      0x1  packet-validate.o [16]
        .data             inited   0x20007444      0xe  jit.o [21]
        .data             inited   0x20007452      0x4  mac-header.o [21]
    DLIB_PERTHREAD_INITIALIZED_DATA
                                   0x20007458      0x0  <Block>
    DLIB_PERTHREAD_ZERO_DATA
                                   0x20007458      0x0  <Block>
    .bss                           0x20007458    0xb95  <Block>
      .bss                uninit   0x20007458     0x1e  adc.o [1]
      .bss                uninit   0x20007476      0x2  cstartup-iar-common.o [1]
      .bss                uninit   0x20007478      0x8  af-event.o [1]
      .bss                uninit   0x20007480      0x8  af-event.o [1]
      .bss                uninit   0x20007488      0x8  af-event.o [1]
      .bss                uninit   0x20007490      0x8  af-event.o [1]
      .bss                uninit   0x20007498     0x18  af-main-common.o [1]
      .bss                uninit   0x200074b0     0x34  attribute-storage.o [1]
      .bss                uninit   0x200074e4     0x24  battery-monitor.o [1]
      .bss                uninit   0x20007508     0x18  bootloader-interface-app.o [1]
      .bss                uninit   0x20007520     0x10  client-api.o [1]
      .bss                uninit   0x20007530     0x7c  command-interpreter2.o [1]
      .bss                uninit   0x200075ac     0x44  counters-soc.o [1]
      .bss                uninit   0x200075f0     0x44  counters-soc.o [1]
      .bss                uninit   0x20007634     0x24  counters-soc.o [1]
      .bss                uninit   0x20007658     0x30  ember-configuration.o [1]
      .bss                uninit   0x20007688      0x4  end-device-move.o [1]
      .bss                uninit   0x2000768c     0x14  end-device-support.o [1]
      .bss                uninit   0x200076a0     0x14  form-and-join.o [1]
      .bss                uninit   0x200076b4      0xc  identify-feedback.o [1]
      .bss                uninit   0x200076c0      0x4  identify.o [1]
      .bss                uninit   0x200076c4     0x38  led-blink.o [1]
      .bss                uninit   0x200076fc     0x10  message.o [1]
      .bss                uninit   0x2000770c     0x54  message.o [1]
      .bss                uninit   0x20007760      0x4  multi-network.o [1]
      .bss                uninit   0x20007764      0xc  network-find.o [1]
      .bss                uninit   0x20007770      0x8  network-find.o [1]
      .bss                uninit   0x20007778      0x8  polling-common.o [1]
      .bss                uninit   0x20007780      0x8  reporting.o [1]
      .bss                uninit   0x20007788     0x3c  reporting.o [1]
      .bss                uninit   0x200077c4     0x8c  sensor-custom-cli-commands.o [1]
      .bss                uninit   0x20007850     0x80  sensor-custom-cli-commands.o [1]
      .bss                uninit   0x200078d0     0x26  sensor-iface.o [1]
      .bss                uninit   0x200078f6      0x2  print.o [1]
      .bss                uninit   0x200078f8      0x8  sensor-iface.o [1]
      .bss                uninit   0x20007900      0xc  sensor-iface.o [1]
      .bss                uninit   0x2000790c      0x8  sensor-iface.o [1]
      .bss                uninit   0x20007914      0xc  sensor-iface.o [1]
      .bss                uninit   0x20007920     0x88  serial.o [1]
      .bss                uninit   0x200079a8     0x88  serial.o [1]
      .bss                uninit   0x20007a30     0x88  serial.o [1]
      .bss                uninit   0x20007ab8     0x88  serial.o [1]
      .bss                uninit   0x20007b40     0x14  service-discovery-common.o [1]
      .bss                uninit   0x20007b54     0x74  sim-eeprom.o [1]
      .bss                uninit   0x20007bc8      0xc  sleep.o [1]
      .bss                uninit   0x20007bd4      0xc  uart.o [1]
      .bss                uninit   0x20007be0     0x54  zcl-cli.o [1]
      .bss                uninit   0x20007c34     0x12  zcl-cli.o [1]
      .bss                uninit   0x20007c46      0x2  util.o [1]
      .bss                uninit   0x20007c48     0x1c  zdo-cli.o [1]
      .bss                uninit   0x20007c64     0x24  analogue.o [21]
      .bss                uninit   0x20007c88      0x8  ember-multi-network-stub.o [15]
      .bss                uninit   0x20007c90      0x8  ember-multi-network-stub.o [15]
      .bss                uninit   0x20007c98      0x8  ember-multi-network-stub.o [15]
      .bss                uninit   0x20007ca0      0xc  zigbee-dispatch.o [21]
      .bss                uninit   0x20007cac      0xc  association.o [21]
      .bss                uninit   0x20007cb8      0x8  eui64.o [21]
      .bss                uninit   0x20007cc0      0x8  system-timer.o [12]
      .bss                uninit   0x20007cc8      0x8  zigbee-device-util.o [21]
      .bss                uninit   0x20007cd0      0x8  aps-keys.o [19]
      .bss                uninit   0x20007cd8      0x8  context-switch.o [12]
      .bss                uninit   0x20007ce0      0x8  mac-em250.o [21]
      .bss                uninit   0x20007ce8    0x118  phy.o [21]
      .bss                uninit   0x20007e00      0xc  mac.o [21]
      .bss                uninit   0x20007e0c     0x80  mac.o [21]
      .bss                uninit   0x20007e8c      0x8  leaf-routing-stub.o [21]
      .bss                uninit   0x20007e94      0x4  aps-encryption.o [19]
      .bss                uninit   0x20007e98      0x8  neighbor.o [21]
      .bss                uninit   0x20007ea0      0x8  aps-skke-stub.o [19]
      .bss                uninit   0x20007ea8      0x8  high-security-stub.o [19]
      .bss                uninit   0x20007eb0     0x10  retry.o [21]
      .bss                uninit   0x20007ec0     0x40  retry.o [21]
      .bss                uninit   0x20007f00      0x8  mac-indirect-stub.o [21]
      .bss                uninit   0x20007f08      0x8  zll-stubs.o [22]
      .bss                uninit   0x20007f10      0x8  end-device-bind-stub.o [11]
      .bss                uninit   0x20007f18     0x64  broadcast.o [21]
      .bss                uninit   0x20007f7c      0x8  cal-pads.o [21]
      .bss                uninit   0x20007f84     0x14  unicast-table.o [21]
      .bss                uninit   0x20007f98      0x8  mac-header.o [21]
      .bss                uninit   0x20007fa0      0x2  util.o [1]
      .bss                uninit   0x20007fa2      0x4  sim-eeprom-internal.o [12]
      .bss                uninit   0x20007fa6      0xa  mfglib.o [14]
      .bss                uninit   0x20007fb0      0x6  phy-common.o [21]
      .bss                uninit   0x20007fb6      0x1  af-event.o [1]
      .bss                uninit   0x20007fb7      0x2  button.o [1]
      .bss                uninit   0x20007fb9      0x1  command-interpreter2.o [1]
      .bss                uninit   0x20007fba      0x1  command-interpreter2.o [1]
      .bss                uninit   0x20007fbb      0x1  eeprom.o [1]
      .bss                uninit   0x20007fbc      0x1  ember-configuration.o [1]
      .bss                uninit   0x20007fbd      0x1  ember-configuration.o [1]
      .bss                uninit   0x20007fbe      0x1  ember-configuration.o [1]
      .bss                uninit   0x20007fbf      0x1  ember-configuration.o [1]
      .bss                uninit   0x20007fc0      0x1  ember-configuration.o [1]
      .bss                uninit   0x20007fc1      0x1  ember-configuration.o [1]
      .bss                uninit   0x20007fc2      0x1  ember-configuration.o [1]
      .bss                uninit   0x20007fc3      0x1  end-device-support.o [1]
      .bss                uninit   0x20007fc4      0x2  ias-zone-server.o [1]
      .bss                uninit   0x20007fc6      0x1  idle-sleep.o [1]
      .bss                uninit   0x20007fc7      0x1  micro-common.o [1]
      .bss                uninit   0x20007fc8      0x1  network-cli.o [1]
      .bss                uninit   0x20007fc9      0x1  process-global-message.o [1]
      .bss                uninit   0x20007fca      0x3  security-address-cache.o [1]
      .bss                uninit   0x20007fcd      0x2  token.o [1]
      .bss                uninit   0x20007fcf      0x1  util.o [1]
      .bss                uninit   0x20007fd0      0x1  util.o [1]
      .bss                uninit   0x20007fd1      0x1  zigbee-device-common.o [1]
      .bss                uninit   0x20007fd2      0x2  event-control.o [21]
      .bss                uninit   0x20007fd4      0x1  zigbee-dispatch.o [21]
      .bss                uninit   0x20007fd5      0x1  association.o [21]
      .bss                uninit   0x20007fd6      0x1  child-stub.o [21]
      .bss                uninit   0x20007fd7      0x1  child-stub.o [21]
      .bss                uninit   0x20007fd8      0x1  application-support.o [21]
      .bss                uninit   0x20007fd9      0x2  zigbee-stack.o [21]
      .bss                uninit   0x20007fdb      0x1  flash.o [12]
      .bss                uninit   0x20007fdc      0x3  network.o [21]
      .bss                uninit   0x20007fdf      0x1  phy-common.o [21]
      .bss                uninit   0x20007fe0      0x2  phy.o [21]
      .bss                uninit   0x20007fe2      0x2  phy.o [21]
      .bss                uninit   0x20007fe4      0x3  analogue-vco.o [21]
      .bss                uninit   0x20007fe7      0x1  leaf-routing-stub.o [21]
      .bss                uninit   0x20007fe8      0x1  neighbor.o [21]
      .bss                uninit   0x20007fe9      0x1  high-security-stub.o [19]
      .bss                uninit   0x20007fea      0x1  random-id.o [21]
      .bss                uninit   0x20007feb      0x1  command.o [21]
      .bss                uninit   0x20007fec      0x1  debug-jtag.o [21]
                                 - 0x20007fed   0x1e6d

"DEBUGCHAN":                                      0x10
  DEBUG_CHANNEL                    0x20007ff0     0x10  <Block>
    DEBUG_CHANNEL         uninit   0x20007ff0     0x10  debug-jtag.o [21]
                                 - 0x20008000     0x10



*******************************************************************************
*** MODULE SUMMARY
***

    Module                                ro code  ro data  rw data
    ------                                -------  -------  -------
C:\Ember\EmberZNet5.3.0-GA\em35x\build\DoorSensor_SM6011: [1]
    DoorSensor_SM6011_callbacks.o              56
    adc.o                                     192                30
    address-table-cli.o                       264
    address-table-soc.o                       138
    af-event.o                                548      784      133
    af-main-common.o                        2 792       65       25
    af-main-soc.o                           1 500        1        1
    af-node.o                                 252
    af-security-common.o                      132
    af-trust-center.o                         196      266       52
    attribute-size.o                           72
    attribute-storage.o                     2 464       32       52
    attribute-table.o                       2 012
    battery-monitor.o                         392       12       48
    bootloader-interface-app.o                268                24
    button.o                                  316                 2
    buzzer.o                                  152        8        8
    call-command-handler.o                    188
    callback-stub.o                           160
    cli.o                                      34   19 324    1 052
    client-api.o                              648                16
    command-interpreter2.o                  1 972      168      159
    core-cli.o                              1 376       16
    counters-cli.o                            184      776      140
    counters-soc.o                            356               172
    crc.o                                      36
    crypto-state.o                             52       56       16
    cstartup-iar-common.o                     144      316  254 466
    diagnostic.o                            2 904    1 264
    eeprom-cli.o                              772
    eeprom.o                                  236       18       19
    ember-configuration.o                     180      129      152
    end-device-move.o                         352                 4
    end-device-support-cli.o                  852       64        8
    end-device-support.o                      464                21
    faults.o                                  128
    form-and-join-node-adapter.o              104       12       12
    form-and-join.o                           762                20
    ias-zone-server.o                       1 068                 2
    identify-cli.o                            124
    identify-feedback.o                       408                12
    identify.o                                464                 4
    idle-sleep-cli.o                          248
    idle-sleep-soc.o                          232
    idle-sleep.o                              300        2        3
    isr-stubs.o                                 4
    led-blink.o                               528                56
    led.o                                     122
    library.o                                 288      274       68
    mem-util.o                                210
    message.o                                 260               100
    mfg-token.o                               244       32
    micro-common.o                            220        2        1
    micro.o                                   816      272       36
    mpu.o                                     116       64       64
    multi-network.o                           100                 4
    network-cli.o                             624                 1
    network-find.o                            916                20
    option-cli.o                            1 672       42        2
    polling-common.o                          272                 8
    polling-soc.o                             224
    print-formatter.o                         380
    print.o                                   324      320       72
    process-cluster-message.o                 120
    process-global-message.o                1 612                 1
    random.o                                   72        4        4
    reporting-cli.o                           464
    reporting.o                             2 476                68
    security-address-cache.o                   16                 3
    security-cli.o                          1 068       34       32
    sensor-custom-cli-commands.o            1 256      688      396
    sensor-iface.o                          2 088                78
    serial.o                                1 112       52      588
    service-discovery-common.o              1 372                20
    service-discovery-soc.o                    86
    sim-eeprom.o                              288       52    8 308
    sleep.o                                 1 552                12
    super-sleepy-enable.o                      56
    token-def.o                                        816
    token.o                                   284                 2
    uart.o                                    864                12
    util.o                                  3 008       93       39
    zcl-cli.o                               3 008               102
    zdo-cli.o                               1 768                28
    zigbee-device-common.o                    262        1        2
    zigbee-device-library.o                   652
    ---------------------------------------------------------------
    Total:                                 57 298   26 059  266 780

command line: [2]
    ---------------------------------------------------------------
    Total:

alarm-stub-library.a: [3]
    alarm-stub.o                               10        1
    ---------------------------------------------------------------
    Total:                                     10        1

binding-table-library.a: [4]
    binding-table.o                         1 156        1
    zdo-binding-table.o                       452
    ---------------------------------------------------------------
    Total:                                  1 608        1

cbke-163k1-stub-library.a: [5]
    cbke-crypto-engine-163k1-stub.o             6        1
    ---------------------------------------------------------------
    Total:                                      6        1

cbke-283k1-stub-library.a: [6]
    cbke-crypto-engine-283k1-stub.o             6        1
    ---------------------------------------------------------------
    Total:                                      6        1

cbke-library-dsa-sign-stub.a: [7]
    cbke-crypto-engine-dsa-sign-stub.o          4        1
    ---------------------------------------------------------------
    Total:                                      4        1

cbke-library-dsa-verify-stub.a: [8]
    cbke-crypto-engine-dsa-verify-stub.o                 1
    ---------------------------------------------------------------
    Total:                                               1

cbke-stub-library.a: [9]
    cbke-crypto-engine-stub.o                  14        1
    ---------------------------------------------------------------
    Total:                                     14        1

dl7M_tln.a: [10]
    abs.o                                       8
    ---------------------------------------------------------------
    Total:                                      8

end-device-bind-stub-library.a: [11]
    end-device-bind-stub.o                      8        1        8
    ---------------------------------------------------------------
    Total:                                      8        1        8

hal-library.a: [12]
    caladc.o                                  284
    clocks.o                                1 420       10       10
    context-switch.o                           80                 8
    cstartup-iar.o                            540
    flash.o                                   288                 1
    micro-common-internal.o                   572
    micro-internal.o                          376        7        4
    sim-eeprom-internal.o                   2 768                 4
    spmr.o                                     62
    system-timer.o                            408                 8
    ---------------------------------------------------------------
    Total:                                  6 798       17       35

install-code-library-stub.a: [13]
    install-code-stub.o                         4        1
    ---------------------------------------------------------------
    Total:                                      4        1

mfglib-library.a: [14]
    mfglib.o                                  508                10
    ---------------------------------------------------------------
    Total:                                    508                10

multi-network-stub-library.a: [15]
    ember-multi-network-stub.o                520                24
    ---------------------------------------------------------------
    Total:                                    520                24

packet-validate-library.a: [16]
    packet-validate.o                         920        2        1
    ---------------------------------------------------------------
    Total:                                    920        2        1

rf4ce-stack-stub-library.a: [17]
    rf4ce-stack-stubs.o                        80        8
    ---------------------------------------------------------------
    Total:                                     80        8

rt7M_tl.a: [18]
    ABImemclr.o                                 6
    ABImemclr4.o                                6
    ABImemcpy.o                               118
    ABImemset.o                               102
    ABImemset48.o                              50
    ---------------------------------------------------------------
    Total:                                    282

security-library-core.a: [19]
    aes-mmo.o                                 348
    aps-encryption.o                          788                 4
    aps-keys.o                              1 280                 8
    aps-security.o                          3 240
    aps-skke-stub.o                             4        1        8
    high-security-stub.o                        8                 9
    hmac.o                                     98
    security-config-mfg-3xx.o                 216
    trust-center-util.o                     1 160        3        2
    ---------------------------------------------------------------
    Total:                                  7 142        4       31

security-library-link-keys-stub.a: [20]
    aps-keys-full-stub.o                       22        1
    ---------------------------------------------------------------
    Total:                                     22        1

zigbee-pro-leaf-stack.a: [21]
    address-table.o                         1 024
    aes.o                                     174
    analogue-cell-bias.o                      236
    analogue-filter.o                          80
    analogue-lna.o                            426
    analogue-mod-dac.o                        616        9        8
    analogue-vco.o                            208                 3
    analogue.o                              1 460       24       59
    application-support.o                   2 176        5        5
    aps-retry.o                             2 276       14       14
    association.o                           5 358       50       61
    broadcast.o                               336               100
    byte-utilities.o                           68
    cal-pads.o                                 24                 8
    child-aging.o                             380
    child-stub.o                               54                 2
    child-table.o                              64
    command.o                                 880                 1
    crypto.o                                1 432
    debug-jtag.o                              712                17
    debug.o                                   724        4        4
    ember-library.o                           128        1
    ember-stack-common.o                      544
    ember-version.o                                      8
    eui64.o                                    24                 8
    event-control.o                           600                 2
    jit.o                                     648       17       14
    leaf-routing-stub.o                       212       12        9
    leave.o                                   920       15       14
    mac-arbiter.o                           1 036       30       28
    mac-em250.o                               428        3       11
    mac-header.o                              816        4       12
    mac-indirect-stub.o                        28                 8
    mac-receive.o                             712       16       16
    mac.o                                   1 104               140
    management.o                              820       16       14
    neighbor.o                              1 600                 9
    network.o                               5 340        7        8
    packet-buffer.o                         1 736        1        1
    packet-header.o                           588
    phy-common.o                            2 244       29       36
    phy-util.o                                 18
    phy.o                                   1 372               284
    random-id.o                               732        2        3
    retry.o                                   650                80
    route-error.o                             328
    scan.o                                    980       38       36
    symbol-timer.o                             92
    token-cache.o                             384        2        2
    unicast-table.o                           100                20
    zdo-channel.o                             880       20       20
    zigbee-device-util.o                    1 580        1        9
    zigbee-device.o                         2 124       10       10
    zigbee-dispatch.o                         180                13
    zigbee-neighbor.o                         500
    zigbee-packet-header.o                  1 408
    zigbee-stack.o                          1 228       11       11
    ---------------------------------------------------------------
    Total:                                 50 792      349    1 100

zll-stub-library.a: [22]
    zll-stubs.o                                50        1        8
    ---------------------------------------------------------------
    Total:                                     50        1        8

    Gaps                                       46        2       62
    Linker created                                       2    3 384
-------------------------------------------------------------------
    Grand Total:                          126 126   26 454  271 443


*******************************************************************************
*** ENTRY LIST
***

Entry                      Address     Size  Type      Object
-----                      -------     ----  ----      ------
.bss$$Base              0x20007458            --   Gb  - Linker created -
.bss$$Length            0x00000b95            --   Gb  - Linker created -
.bss$$Limit             0x20007fed            --   Gb  - Linker created -
.data$$Base             0x20006ae0            --   Gb  - Linker created -
.data$$Limit            0x20007458            --   Gb  - Linker created -
.data_init$$Base        0x08028ae0            --   Gb  - Linker created -
.data_init$$Length      0x00000978            --   Gb  - Linker created -
.data_init$$Limit       0x08029458            --   Gb  - Linker created -
.noinit$$Base           0x00000000            --   Gb  - Linker created -
.text$$Base             0x08004190            --   Gb  - Linker created -
.text$$Limit            0x08022e3e            --   Gb  - Linker created -
[...]
reenqueueSubmitHead     0x08013405     0x80  Code  Lc  retry.o [21]
rejoinUpdateDeviceStatusValues
                        0x0800b1d0      0x8  Data  Lc  association.o [21]
releaseTypes            0x0800ec04     0x48  Data  Lc  af-main-common.o [1]
removeConfiguration     0x0801d175     0x24  Code  Lc  reporting.o [1]
removeFromBuffer        0x0800f76d     0x2e  Code  Lc  network.o [21]
requestKeyBuffer        0x20007409      0x1  Data  Lc  trust-center-util.o [19]
resetCommand            0x0801e04b      0x4  Code  Gb  core-cli.o [1]
retryEntries            0x20007ec0     0x40  Data  Lc  retry.o [21]
retrySendReport         0x0801cac9     0x10  Code  Lc  reporting.o [1]
reverse                 0x08020827     0x20  Code  Lc  option-cli.o [1]
rf4ceNetworkCommandPacketIsValid
                        0x0801b1af     0x60  Code  Lc  packet-validate.o [16]
rf4ceNetworkPacketIsValid
                        0x0801b15d     0x52  Code  Lc  packet-validate.o [16]
rf4ceNwkApplicationCapabilitiesOffset
                        0x0801b294      0x4  Data  Lc  packet-validate.o [16]
rf4ceNwkCommandBaseSizes
                        0x0801b288      0xc  Data  Lc  packet-validate.o [16]
rmwRadioPowerCfgReg     0x080071ef     0x3e  Code  Lc  micro.o [1]
rmwRadioPowerOutReg     0x0800722d     0x36  Code  Lc  micro.o [1]
routeRequestId          0x20007fe7      0x1  Data  Lc  leaf-routing-stub.o [21]
runEventHandler         0x08012b29    0x122  Code  Lc  aps-retry.o [21]
rxBuffer                0x20007cec    0x114  Data  Lc  phy.o [21]
samplePtr               0x200074e4      0x1  Data  Lc  battery-monitor.o [1]
sampleVcoTune           0x0800c4a9     0x44  Code  Gb  analogue-mod-dac.o [21]
savedLinkQuality        0x200077c7      0x1  Data  Gb  sensor-custom-cli-commands.o [1]
savedMSP                0x20007cdc           Data  Gb  context-switch.o [12]
savedPkt                0x200077d0     0x80  Data  Gb  sensor-custom-cli-commands.o [1]
savedPktLength          0x200077c5      0x1  Data  Gb  sensor-custom-cli-commands.o [1]
savedResetCause         0x20007476      0x2  Data  Lc  cstartup-iar-common.o [1]
savedRssi               0x200077c6      0x1  Data  Gb  sensor-custom-cli-commands.o [1]
scanChannelMask         0x20007394      0x4  Data  Lc  scan.o [21]
scanDuration            0x2000737e      0x1  Data  Lc  scan.o [21]
scanFrameCounter        0x20007390      0x4  Data  Lc  scan.o [21]
scanRequestHeader       0x2000741f      0x1  Data  Lc  zdo-channel.o [21]
scanResults             0x20007420      0x1  Data  Lc  zdo-channel.o [21]
scanTransmitRetries     0x2000737f      0x1  Data  Lc  scan.o [21]
scansRemaining          0x20007421      0x1  Data  Lc  zdo-channel.o [21]
scheduleHalSysTickIsrMicroseconds
                        0x0800800f     0x4e  Code  Lc  clocks.o [12]
scheduleIdentifyTick    0x0801e407     0x66  Code  Lc  identify.o [1]
scheduleTick            0x0801d0df     0x92  Code  Lc  reporting.o [1]
securityAddressCacheInit
                        0x08017d81      0xc  Code  Gb  security-address-cache.o [1]
securityApsCommands     0x08026a94     0x3c  Data  Gb  cli.o [1]
securityMfgTokenCommands
                        0x0802723c     0x3c  Data  Gb  cli.o [1]
securityMfgTokenSetCommandArguments
                        0x20006dbc      0xc  Data  Gb  cli.o [1]
seed0                   0x20007206      0x2  Data  Gb  random.o [1]
seed1                   0x20007208      0x2  Data  Gb  random.o [1]
send                    0x0800e181    0x102  Code  Lc  af-main-common.o [1]
sendAckedUnicast        0x08012c4b     0xe8  Code  Lc  aps-retry.o [21]
sendApplicationKeys     0x080163fd     0xe6  Code  Lc  trust-center-util.o [19]
sendBuff                0x20007850     0x80  Data  Gb  sensor-custom-cli-commands.o [1]
sendFromSource          0x20007354      0x2  Data  Lc  application-support.o [21]
sendLeaveCommand        0x08014aff     0x74  Code  Lc  leave.o [21]
sendSpecialJoinRequest  0x0800aedd     0xd2  Code  Lc  association.o [21]
sendToClient            0x0801e4e9     0x70  Code  Lc  ias-zone-server.o [1]
sendUpdateDevice        0x08015471     0x4c  Code  Lc  aps-security.o [19]
sendZigDevRequestBuffer
                        0x08018a55     0x46  Code  Lc  zigbee-device-library.o [1]
sensorStateChangeDebounce
                        0x08019ef5     0x22  Code  Gb  sensor-iface.o [1]
sequenceNumber          0x20007fec      0x1  Data  Lc  debug-jtag.o [21]
serialPort              0x20006b45      0x1  Data  Gb  af-main-soc.o [1]
serialRegData           0x20007c64     0x24  Data  Gb  analogue.o [21]
serviceDiscoveryComplete
                        0x0801918f     0x60  Code  Lc  service-discovery-common.o [1]
setBit                  0x0801ec41      0xe  Code  Gb  led-blink.o [1]
setNonvolatileBinding   0x0801112f     0x2e  Code  Lc  binding-table.o [4]
setOrOverrideTrustCenterEui64
                        0x08013d0f     0x22  Code  Lc  aps-keys.o [19]
setRadioParameters      0x0800bb0d     0x52  Code  Lc  association.o [21]
setTxStepTime           0x08007957     0x34  Code  Lc  analogue.o [21]
setZoneId               0x0801e713     0x10  Code  Lc  ias-zone-server.o [1]
setup                   0x08018daf     0x3a  Code  Lc  form-and-join.o [1]
setupDiscoveryData      0x08019159     0x36  Code  Lc  service-discovery-common.o [1]
shift                   0x08008661     0x10  Code  Lc  random.o [1]
simEeErasePage          0x0800c8c3     0x16  Code  Lc  sim-eeprom-internal.o [12]
simEeSetDataActiveSemaphore
                        0x20007fce      0x1  Data  Gb  token.o [1]
simulatedEepromStorage  0x08040800   0x2000  Data  Gb  sim-eeprom.o [1]
singletonAttributeData  0x200074c2      0x2  Data  Gb  attribute-storage.o [1]
sizeCache               0x08028708     0x20  Data  Gb  sim-eeprom.o [1]
sleepTimerInterruptOccurred
                        0x20007cc0      0x1  Data  Gb  system-timer.o [12]
sleepTmrArtificalCnt    0x20007cc4      0x4  Data  Gb  system-timer.o [12]
sleepyBroadcastInfo     0x20007445      0x1  Data  Lc  jit.o [21]
spreadModDac1           0x200073e6      0x2  Data  Gb  analogue-mod-dac.o [21]
spreadModDac2           0x200073e8      0x2  Data  Gb  analogue-mod-dac.o [21]
stackEvents             0x0800a8f4     0xc0  Data  Gb  zigbee-stack.o [21]
stackTokenInfo          0x080166a0     0x38  Data  Lc  token-cache.o [21]
startChannelScan        0x0800f545     0x62  Code  Lc  scan.o [21]
startNetworkOperation   0x0800ab09     0x3c  Code  Lc  association.o [21]
startPanIdScan          0x08018b91     0x2c  Code  Lc  form-and-join.o [1]
startScan               0x08018e09     0x12  Code  Lc  form-and-join.o [1]
startSearchForJoinableNetwork
                        0x08019c51     0x64  Code  Gb  sensor-iface.o [1]
state                   0x20007764      0x1  Data  Lc  network-find.o [1]
stateTable              0x200076c0      0x4  Data  Lc  identify.o [1]
states                  0x20007688      0x4  Data  Lc  end-device-move.o [1]
states                  0x2000768c     0x14  Data  Lc  end-device-support.o [1]
states                  0x20007b48      0xc  Data  Lc  service-discovery-common.o [1]
stringToUnsignedInt     0x08018195     0x76  Code  Lc  command-interpreter2.o [1]
submitCount             0x20007eb1      0x1  Data  Lc  retry.o [21]
swoOutput               0x080074e9     0xda  Code  Lc  debug-jtag.o [21]
terminateScanRequest    0x0801276b     0x26  Code  Lc  zdo-channel.o [21]
testPacket              0x2000722c     0x80  Data  Gb  sensor-custom-cli-commands.o [1]
testResponseCommands    0x080270d4     0x3c  Data  Gb  cli.o [1]
titleStrings            0x20006fd0     0x88  Data  Gb  counters-cli.o [1]
tokenArraySize          0x080287a4     0x20  Data  Gb  token-def.o [1]
tokenCreators           0x08028728     0x3c  Data  Gb  token-def.o [1]
tokenDefaults           0x080289e4     0x74  Data  Gb  token-def.o [1]
tokenIsCnt              0x08028764     0x20  Data  Gb  token-def.o [1]
tokenLength             0x08017dd7     0x10  Code  Lc  command-interpreter2.o [1]
tokenPointer            0x08017de7     0x10  Code  Lc  command-interpreter2.o [1]
tokenSize               0x08028784     0x20  Data  Gb  token-def.o [1]
tokensActive            0x20007fcd      0x1  Data  Gb  token.o [1]
transmitQueue           0x200073f4      0x8  Data  Lc  mac-arbiter.o [21]
transportKeyFrameSizes  0x0801b280      0x8  Data  Lc  packet-validate.o [16]
tuneDone                0x20006b89      0x1  Data  Gb  buzzer.o [1]
tunePos                 0x20006b88      0x1  Data  Gb  buzzer.o [1]
turnLedOff              0x0801ece7      0x8  Code  Lc  led-blink.o [1]
turnLedOn               0x0801ecdf      0x8  Code  Lc  led-blink.o [1]
txPower                 0x08007e78     0x28  Data  Gb  analogue.o [21]
txStepTimeSnapshot      0x200073d8      0x2  Data  Lc  phy-common.o [21]
uartErrorMark           0x08004b17     0x3c  Code  Lc  uart.o [1]
unSetKey                0x080195f0     0x10  Data  Lc  af-security-common.o [1]
unbindRequest           0x08022769     0x88  Code  Lc  zdo-cli.o [1]
unenrollSecurityDevice  0x0801e73b     0x42  Code  Gb  ias-zone-server.o [1]
unicastHead             0x20007f84      0x1  Data  Lc  unicast-table.o [21]
uninitializedIsr        0x0801ffd1           Code  Gb  faults.o [1]
unknownCounter          0x20007058      0x4  Data  Gb  counters-cli.o [1]
unsentMessageCount      0x200073ef      0x1  Data  Lc  mac-arbiter.o [21]
unsolicitedChannelReport
                        0x2000741e      0x1  Data  Lc  zdo-channel.o [21]
updateEnrollState       0x0801e58d     0x2c  Code  Lc  ias-zone-server.o [1]
updateParentToken       0x0800bde9     0x62  Code  Lc  association.o [21]
useOsc32k               0x20007fc7      0x1  Data  Gb  micro-common.o [1]
useXtalAsIs             0x200073a3      0x1  Data  Lc  clocks.o [12]
vFillBuffer             0x0801c62d    0x160  Code  Lc  client-api.o [1]
vcoLastTuneValueAvailable
                        0x20007fe4      0x1  Data  Gb  analogue-vco.o [21]
vcoTuneModDacError      0x0800c4ed     0x24  Code  Lc  analogue-mod-dac.o [21]
verifyAppBlVersion      0x0801f609     0x1c  Code  Lc  bootloader-interface-app.o [1]
verifyFib               0x08008529     0x24  Code  Lc  flash.o [12]
volatileData            0x20007788     0x3c  Data  Lc  reporting.o [1]
voltageFifo             0x200074e8     0x20  Data  Lc  battery-monitor.o [1]
wakeupSleepTmrCnt       0x20007bd0      0x4  Data  Gb  sleep.o [1]
wakeupXtalState         0x200073a2      0x1  Data  Gb  clocks.o [12]
walkDelayQueue          0x08013209     0xc8  Code  Lc  retry.o [21]
writeIdentifyTime       0x0801e3dd     0x24  Code  Lc  identify.o [1]
writeMessage            0x08006ee3     0xb0  Code  Lc  packet-buffer.o [21]
writePageCounters       0x0800cecd     0x7e  Code  Lc  sim-eeprom-internal.o [12]
writeTokenBlockData     0x0800c821     0x58  Code  Lc  sim-eeprom-internal.o [12]
xorBufferBytesIntoBlock
                        0x0801a75b     0x82  Code  Lc  crypto.o [21]
xtalAboveLoThresholdUs  0x200073a6      0x2  Data  Gb  clocks.o [12]
xtalUnstable            0x200073a1      0x1  Data  Gb  clocks.o [12]
zaNodeSecurityInit      0x0801a3e1     0xaa  Code  Gb  af-node.o [1]
zaTrustCenterSecurityPolicyInit
                        0x0801a31d     0x2a  Code  Gb  af-trust-center.o [1]
zclBufferAddByte        0x080219b7     0x12  Code  Gb  zcl-cli.o [1]
zclBufferAddByteFromArgument
                        0x080219ef      0x8  Code  Gb  zcl-cli.o [1]
zclBufferAddInt32       0x080219db     0x14  Code  Gb  zcl-cli.o [1]
zclBufferAddInt32FromArgument
                        0x08021a13      0xc  Code  Gb  zcl-cli.o [1]
zclBufferAddInt8sFromArgument
                        0x080219f7      0x6  Code  Gb  zcl-cli.o [1]
zclBufferAddLengthAndStringFromArgument
                        0x08021a1f     0x26  Code  Gb  zcl-cli.o [1]
zclBufferAddWord        0x080219c9     0x12  Code  Gb  zcl-cli.o [1]
zclBufferAddWordFromArgument
                        0x08021a05      0xe  Code  Gb  zcl-cli.o [1]
zclBufferSetup          0x0802196f     0x48  Code  Gb  zcl-cli.o [1]
zclClusterNames         0x08017d2c     0x28  Data  Gb  util.o [1]
zclCmdIsBuilt           0x20007c40      0x1  Data  Gb  zcl-cli.o [1]
zclGlobalCommandDiscoveryCommand
                        0x08021cbb     0x2e  Code  Gb  zcl-cli.o [1]
zclGlobalCommands       0x08026f94    0x104  Data  Gb  cli.o [1]
zclGlobalDirection      0x20007c41      0x1  Data  Lc  zcl-cli.o [1]
zclGlobalDirectionCommand
                        0x08021af3     0x14  Code  Gb  zcl-cli.o [1]
zclGlobalDirectionCommandArguments
                        0x20006d5c      0x8  Data  Gb  cli.o [1]
zclGlobalDiscComGenCommandArguments
                        0x20006d04     0x10  Data  Gb  cli.o [1]
zclGlobalDiscComRecCommandArguments
                        0x20006d14     0x10  Data  Gb  cli.o [1]
zclGlobalDiscoverCommand
                        0x08021b61      0x4  Code  Gb  zcl-cli.o [1]
zclGlobalDiscoverCommandArguments
                        0x20006c94     0x10  Data  Gb  cli.o [1]
zclGlobalExpectReportFromMeCommand
                        0x08021c9d     0x1e  Code  Gb  zcl-cli.o [1]
zclGlobalExpectReportFromMeCommandArguments
                        0x20006d24     0x10  Data  Gb  cli.o [1]
zclGlobalNwriteCommandArguments
                        0x20006cf0     0x14  Data  Gb  cli.o [1]
zclGlobalReadCommand    0x08021b07      0x6  Code  Gb  zcl-cli.o [1]
zclGlobalReadCommandArguments
                        0x20006ca4      0xc  Data  Gb  cli.o [1]
zclGlobalReportCommand  0x08021b6f     0xaa  Code  Gb  zcl-cli.o [1]
zclGlobalReportCommandArguments
                        0x20006d34     0x14  Data  Gb  cli.o [1]
zclGlobalReportReadCommand
                        0x08021c19     0x18  Code  Gb  zcl-cli.o [1]
zclGlobalReportReadCommandArguments
                        0x20006cb0     0x10  Data  Gb  cli.o [1]
zclGlobalSendMeAReportCommand
                        0x08021c31     0x56  Code  Gb  zcl-cli.o [1]
zclGlobalSendMeAReportCommandArguments
                        0x20006cd4     0x1c  Data  Gb  cli.o [1]
zclGlobalSetup          0x08021acd     0x1a  Code  Gb  zcl-cli.o [1]
zclGlobalUwriteCommandArguments
                        0x20006cc0     0x14  Data  Gb  cli.o [1]
zclGlobalWriteCommand   0x08021b0d     0x50  Code  Gb  zcl-cli.o [1]
zclGlobalWriteCommandArguments
                        0x20006d48     0x14  Data  Gb  cli.o [1]
zclIasZoneCommands      0x08027098     0x3c  Data  Gb  cli.o [1]
zclIasZoneEnrollCommand
                        0x08022e1d      0x4  Code  Lc  cli.o [1]
zclIasZoneEnrollCommandArguments
                        0x20006d78      0xc  Data  Gb  cli.o [1]
zclIasZoneScCommand     0x08022e21      0x2  Code  Lc  cli.o [1]
zclIasZoneScCommandArguments
                        0x20006d64     0x14  Data  Gb  cli.o [1]
zclIdentifyCommands     0x08027138     0x78  Data  Gb  cli.o [1]
zclIdentifyIdCommand    0x08022e2d      0x4  Code  Lc  cli.o [1]
zclIdentifyIdCommandArguments
                        0x20006d84      0x8  Data  Gb  cli.o [1]
zclIdentifyOffCommand   0x08021d49      0x8  Code  Gb  zcl-cli.o [1]
zclIdentifyOffCommandArguments
                        0x20006d98      0x8  Data  Gb  cli.o [1]
zclIdentifyOnCommand    0x08021d2f     0x1a  Code  Gb  zcl-cli.o [1]
zclIdentifyOnCommandArguments
                        0x20006da0      0xc  Data  Gb  cli.o [1]
zclIdentifyQueryCommand
                        0x08022e31      0x2  Code  Lc  cli.o [1]
zclIdentifyTriggerCommand
                        0x08022e3b      0x4  Code  Lc  cli.o [1]
zclIdentifyTriggerCommandArguments
                        0x20006d8c      0xc  Data  Gb  cli.o [1]
zclMfgCodeCommand       0x08021cf5     0x2c  Code  Gb  zcl-cli.o [1]
zclSimpleCommand        0x08021a45     0x88  Code  Gb  zcl-cli.o [1]
zclTestCommands         0x08027110     0x28  Data  Gb  cli.o [1]
zclTestResponseOffCommand
                        0x08021cef      0x6  Code  Gb  zcl-cli.o [1]
zclTestResponseOnCommand
                        0x08021ce9      0x6  Code  Gb  zcl-cli.o [1]
zclTimeCommand          0x08021d21      0xe  Code  Gb  zcl-cli.o [1]
zdoActiveEpCommand      0x080226d5     0x16  Code  Gb  zdo-cli.o [1]
zdoAddClusterCommand    0x080225b9     0x30  Code  Gb  zdo-cli.o [1]
zdoBindCommand          0x08022545     0x74  Code  Gb  zdo-cli.o [1]
zdoClearClusterCommand  0x080225f3     0x16  Code  Gb  zdo-cli.o [1]
zdoIeeeAddressRequestCommand
                        0x0802248b     0x12  Code  Gb  zdo-cli.o [1]
zdoInClListAddCommandArguments
                        0x20006e90      0x8  Data  Gb  cli.o [1]
zdoInClListCommands     0x080275ac     0x3c  Data  Gb  cli.o [1]
zdoInClusters           0x20007c4c      0xc  Data  Lc  zdo-cli.o [1]
zdoLeaveRequestCommand  0x080226ff     0x3e  Code  Gb  zdo-cli.o [1]
zdoMatchCommand         0x080224df     0x34  Code  Gb  zdo-cli.o [1]
zdoNetworkUpdateChannelCommand
                        0x08022615     0x30  Code  Gb  zdo-cli.o [1]
zdoNetworkUpdateScanCommand
                        0x08022645     0x46  Code  Gb  zdo-cli.o [1]
zdoNetworkUpdateSetCommand
                        0x080226a7     0x20  Code  Gb  zdo-cli.o [1]
zdoNodeCommand          0x080224bd     0x18  Code  Gb  zdo-cli.o [1]
zdoNwkAddressRequestCommand
                        0x08022475     0x16  Code  Gb  zdo-cli.o [1]
zdoNwkUpdChanCommandArguments
                        0x20006eb4      0x8  Data  Gb  cli.o [1]
zdoNwkUpdCommands       0x080275e8     0x50  Data  Gb  cli.o [1]
zdoNwkUpdScanCommandArguments
                        0x20006ea4     0x10  Data  Gb  cli.o [1]
zdoNwkUpdSetCommandArguments
                        0x20006e98      0xc  Data  Gb  cli.o [1]
zdoOutClListAddCommandArguments
                        0x20006e88      0x8  Data  Gb  cli.o [1]
zdoOutClListCommands    0x08027570     0x3c  Data  Gb  cli.o [1]
zdoOutClusters          0x20007c58      0xc  Data  Lc  zdo-cli.o [1]
zdoPowerDescriptorRequestCommand
                        0x0802273d     0x1a  Code  Gb  zdo-cli.o [1]
zdoRouteRequestCommand  0x08022837     0x28  Code  Gb  zdo-cli.o [1]
zdoSimpleCommand        0x0802249d     0x20  Code  Gb  zdo-cli.o [1]
zdoUnbindCommands       0x08027534     0x3c  Data  Gb  cli.o [1]
zdoUnbindGroupCommand   0x080227f1     0x18  Code  Gb  zdo-cli.o [1]
zdoUnbindGroupCommandArguments
                        0x20006e70     0x18  Data  Gb  cli.o [1]
zdoUnbindUnicastCommand
                        0x08022809     0x2e  Code  Gb  zdo-cli.o [1]
zdoUnbindUnicastCommandArguments
                        0x20006e54     0x1c  Data  Gb  cli.o [1]
zigDevApsStruct         0x20007ccc      0x4  Data  Lc  zigbee-device-util.o [21]
zigDevRequestRadius     0x200072f9      0x1  Data  Gb  zigbee-device-common.o [1]
zigDevRequestSequence   0x20007fd1      0x1  Data  Lc  zigbee-device-common.o [1]
zigDevRequestSequence   0x20007cc8      0x1  Data  Lc  zigbee-device-util.o [21]


[1] = C:\Ember\EmberZNet5.3.0-GA\em35x\build\DoorSensor_SM6011
[2] = command line
[3] = alarm-stub-library.a
[4] = binding-table-library.a
[5] = cbke-163k1-stub-library.a
[6] = cbke-283k1-stub-library.a
[7] = cbke-library-dsa-sign-stub.a
[8] = cbke-library-dsa-verify-stub.a
[9] = cbke-stub-library.a
[10] = dl7M_tln.a
[11] = end-device-bind-stub-library.a
[12] = hal-library.a
[13] = install-code-library-stub.a
[14] = mfglib-library.a
[15] = multi-network-stub-library.a
[16] = packet-validate-library.a
[17] = rf4ce-stack-stub-library.a
[18] = rt7M_tl.a
[19] = security-library-core.a
[20] = security-library-link-keys-stub.a
[21] = zigbee-pro-leaf-stack.a
[22] = zll-stub-library.a

  126 126 bytes of readonly  code memory
   26 454 bytes of readonly  data memory
  271 443 bytes of readwrite data memory

Errors: none
Warnings: none
